// Jest Snapshot v1, https://goo.gl/fbAQLP

exports[`component snapshot tests Account 1`] = `
<div>
  Loading
</div>
`;

exports[`component snapshot tests CustomerList 1`] = `
<div>
  Loading
</div>
`;

exports[`component snapshot tests Transaction 1`] = `
<section
  class="transaction"
>
  <p
    class="transactionLine"
  >
    Date: 
    Thu, 15 Jan 1970 08:15:09 GMT
  </p>
  <p
    class="transactionLine"
  >
    Type: 
    buy
  </p>
  <p
    class="transactionLine"
  >
    Amount: 
    200.23
  </p>
  <p
    class="transactionLine"
  >
    Price: 
    9.09
  </p>
  <p
    class="transactionLine"
  >
    Total: 
    99999.00
  </p>
</section>
`;
